2026-09-25 21:27:49,995 INFO === account: ai-connect@yandex.com (imap.yandex.ru:993) ===
2026-09-25 21:27:55,901 INFO no new emails (uid > 33)
2026-09-25 21:27:56,240 INFO === account: anospokkb@yandex.ru (imap.yandex.ru:993) ===
2026-09-25 21:27:59,308 ERROR account anospokkb@yandex.ru failed; continuing
Traceback (most recent call last):
  File "c:\Projects\Common\0922_imapclient-yandex\.venv\Lib\site-packages\imapclient\imapclient.py", line 399, in login
    rv = self._command_and_check(
         ^^^^^^^^^^^^^^^^^^^^^^^^
  File "c:\Projects\Common\0922_imapclient-yandex\.venv\Lib\site-packages\imapclient\imapclient.py", line 1775, in _command_and_check
    typ, data = meth(*args)
                ^^^^^^^^^^^
  File "C:\Users\user\AppData\Roaming\uv\python\cpython-3.12.11-windows-x86_64-none\Lib\imaplib.py", line 621, in login
    raise self.error(dat[-1])
imaplib.IMAP4.error: b'[AUTHENTICATIONFAILED] LOGIN invalid credentials or IMAP is disabled sc=uRjAs30pF8c0_2026-09-25-18-27_imap-production-main-37'

During handling of the above exception, another exception occurred:

Traceback (most recent call last):
  File "C:\Projects\Common\0922_imapclient-yandex\main.py", line 246, in main
    run_once(account, conn)
  File "C:\Projects\Common\0922_imapclient-yandex\main.py", line 229, in run_once
    client.login(account.user, account.password)
  File "c:\Projects\Common\0922_imapclient-yandex\.venv\Lib\site-packages\imapclient\imapclient.py", line 406, in login
    raise exceptions.LoginError(str(e))
imapclient.exceptions.LoginError: b'[AUTHENTICATIONFAILED] LOGIN invalid credentials or IMAP is disabled sc=uRjAs30pF8c0_2026-09-25-18-27_imap-production-main-37'
2026-09-25 21:28:00,229 INFO === account: ai-connect@yandex.com (imap.yandex.ru:993) ===
2026-09-25 21:28:07,599 INFO no new emails (uid > 33)
2026-09-25 21:28:07,928 INFO === account: anospokkb@yandex.ru (imap.yandex.ru:993) ===
2026-09-25 21:28:10,844 ERROR account anospokkb@yandex.ru failed; continuing
Traceback (most recent call last):
  File "c:\Projects\Common\0922_imapclient-yandex\.venv\Lib\site-packages\imapclient\imapclient.py", line 399, in login
    rv = self._command_and_check(
         ^^^^^^^^^^^^^^^^^^^^^^^^
  File "c:\Projects\Common\0922_imapclient-yandex\.venv\Lib\site-packages\imapclient\imapclient.py", line 1775, in _command_and_check
    typ, data = meth(*args)
                ^^^^^^^^^^^
  File "C:\Users\user\AppData\Roaming\uv\python\cpython-3.12.11-windows-x86_64-none\Lib\imaplib.py", line 621, in login
    raise self.error(dat[-1])
imaplib.IMAP4.error: b'[AUTHENTICATIONFAILED] LOGIN invalid credentials or IMAP is disabled sc=8Sj9CC0kbSw0_2026-09-25-18-28_imap-production-main-201'

During handling of the above exception, another exception occurred:

Traceback (most recent call last):
  File "C:\Projects\Common\0922_imapclient-yandex\main.py", line 246, in main
    run_once(account, conn)
  File "C:\Projects\Common\0922_imapclient-yandex\main.py", line 229, in run_once
    client.login(account.user, account.password)
  File "c:\Projects\Common\0922_imapclient-yandex\.venv\Lib\site-packages\imapclient\imapclient.py", line 406, in login
    raise exceptions.LoginError(str(e))
imapclient.exceptions.LoginError: b'[AUTHENTICATIONFAILED] LOGIN invalid credentials or IMAP is disabled sc=8Sj9CC0kbSw0_2026-09-25-18-28_imap-production-main-201'
2026-09-25 21:28:32,678 INFO === account: ai-connect@yandex.com (imap.yandex.ru:993) ===
2026-09-25 21:28:38,475 INFO no new emails (uid > 33)
2026-09-25 21:28:38,811 INFO === account: anospokkb@yandex.ru (imap.yandex.ru:993) ===
2026-09-25 21:28:41,846 ERROR account anospokkb@yandex.ru failed; continuing
Traceback (most recent call last):
  File "c:\Projects\Common\0922_imapclient-yandex\.venv\Lib\site-packages\imapclient\imapclient.py", line 399, in login
    rv = self._command_and_check(
         ^^^^^^^^^^^^^^^^^^^^^^^^
  File "c:\Projects\Common\0922_imapclient-yandex\.venv\Lib\site-packages\imapclient\imapclient.py", line 1775, in _command_and_check
    typ, data = meth(*args)
                ^^^^^^^^^^^
  File "C:\Users\user\AppData\Roaming\uv\python\cpython-3.12.11-windows-x86_64-none\Lib\imaplib.py", line 621, in login
    raise self.error(dat[-1])
imaplib.IMAP4.error: b'[AUTHENTICATIONFAILED] LOGIN invalid credentials or IMAP is disabled sc=dSjsNL0wN0U0_2026-09-25-18-28_imap-production-main-16'

During handling of the above exception, another exception occurred:

Traceback (most recent call last):
  File "C:\Projects\Common\0922_imapclient-yandex\main.py", line 246, in main
    run_once(account, conn)
  File "C:\Projects\Common\0922_imapclient-yandex\main.py", line 229, in run_once
    client.login(account.user, account.password)
  File "c:\Projects\Common\0922_imapclient-yandex\.venv\Lib\site-packages\imapclient\imapclient.py", line 406, in login
    raise exceptions.LoginError(str(e))
imapclient.exceptions.LoginError: b'[AUTHENTICATIONFAILED] LOGIN invalid credentials or IMAP is disabled sc=dSjsNL0wN0U0_2026-09-25-18-28_imap-production-main-16'
